// Jest Snapshot v1, https://goo.gl/fbAQLP

exports[`test for AppLayout should render the Layout component 1`] = `
<div
  className="container"
>
  <main
    className="main"
  />
</div>
`;

exports[`test for header component should render the Header component 1`] = `
<div
  className="topBar"
>
  <div
    className="searchDiv"
  >
    <div
      className="searchInput"
    >
      <input
        name="search"
        onChange={[Function]}
        placeholder="Search Template"
        value=""
      />
      <svg
        fill="currentColor"
        height="1em"
        onClick={[Function]}
        stroke="currentColor"
        strokeWidth="0"
        style={
          Object {
            "color": undefined,
            "cursor": "pointer",
            "fontSize": "20px",
          }
        }
        viewBox="0 0 512 512"
        width="1em"
        xmlns="http://www.w3.org/2000/svg"
      >
        <path
          d="M443.5 420.2L336.7 312.4c20.9-26.2 33.5-59.4 33.5-95.5 0-84.5-68.5-153-153.1-153S64 132.5 64 217s68.5 153 153.1 153c36.6 0 70.1-12.8 96.5-34.2l106.1 107.1c3.2 3.4 7.6 5.1 11.9 5.1 4.1 0 8.2-1.5 11.3-4.5 6.6-6.3 6.8-16.7.6-23.3zm-226.4-83.1c-32.1 0-62.3-12.5-85-35.2-22.7-22.7-35.2-52.9-35.2-84.9 0-32.1 12.5-62.3 35.2-84.9 22.7-22.7 52.9-35.2 85-35.2s62.3 12.5 85 35.2c22.7 22.7 35.2 52.9 35.2 84.9 0 32.1-12.5 62.3-35.2 84.9-22.7 22.7-52.9 35.2-85 35.2z"
        />
      </svg>
    </div>
  </div>
  <div
    className="sortDiv"
  >
    <span>
      Sort By:
    </span>
    <fieldset>
      <legend>
        category
      </legend>
      <select
        name="category"
        onChange={[Function]}
        value=""
      >
        <option
          value="All Templates"
        >
          All
        </option>
        <option
          value="Education"
        >
          Education
        </option>
        <option
          value="E-commerce"
        >
          E-commerce
        </option>
        <option
          value="Health"
        >
          Health
        </option>
      </select>
    </fieldset>
    <fieldset>
      <legend>
        order
      </legend>
      <select
        name="order"
        onChange={[Function]}
        value=""
      >
        <option
          value="default"
        >
          Default
        </option>
        <option
          value="asc"
        >
          Ascending
        </option>
        <option
          value="dsc"
        >
          Desending
        </option>
      </select>
    </fieldset>
    <fieldset>
      <legend>
        date
      </legend>
      <select
        name="date"
        onChange={[Function]}
        value=""
      >
        <option
          value="default"
        >
          Default
        </option>
        <option
          value="asc"
        >
          Ascending
        </option>
        <option
          value="dsc"
        >
          Desending
        </option>
      </select>
    </fieldset>
  </div>
</div>
`;

exports[`test for header component should test input is rendered 1`] = `"input"`;

exports[`test for template listing should render all boxes as list 1`] = `
<div
  className="mainContainer"
>
  <div
    className="headerTitle"
  >
    <span>
      All Templates
    </span>
    <span>
       templates
    </span>
  </div>
  <div
    className="grid"
  />
</div>
`;

exports[`test for template listing should render template box 1`] = `
<div
  className="box"
>
  <div
    className="topBox"
  >
    <div
      className="topHeader"
    >
      <span />
    </div>
    <div
      className="description"
    >
      <span />
      <div
        className="category"
      >
        <span>
          Categories 
        </span>
      </div>
    </div>
  </div>
  <div
    className="footerBox"
  >
    <span>
      use template
    </span>
  </div>
</div>
`;
